distilled model loaded
[1/120] orig t=0.00 vs orig t=0.25: 13-7 (7s)
[2/120] orig t=0.00 vs orig t=0.50: 18-2 (13s)
[3/120] orig t=0.00 vs orig t=0.75: 20-0 (18s)
[4/120] orig t=0.00 vs orig t=1.00: 20-0 (24s)
[5/120] orig t=0.00 vs orig t=1.25: 20-0 (31s)
[6/120] orig t=0.00 vs orig t=1.50: 20-0 (37s)
[7/120] orig t=0.00 vs orig t=2.00: 20-0 (45s)
[8/120] orig t=0.00 vs dist t=0.00: 19-1 (53s)
[9/120] orig t=0.00 vs dist t=0.25: 20-0 (61s)
[10/120] orig t=0.00 vs dist t=0.50: 20-0 (67s)
[11/120] orig t=0.00 vs dist t=0.75: 20-0 (74s)
[12/120] orig t=0.00 vs dist t=1.00: 20-0 (82s)
[13/120] orig t=0.00 vs dist t=1.25: 20-0 (91s)
[14/120] orig t=0.00 vs dist t=1.50: 20-0 (99s)
[15/120] orig t=0.00 vs dist t=2.00: 20-0 (108s)
[16/120] orig t=0.25 vs orig t=0.50: 19-1 (115s)
[17/120] orig t=0.25 vs orig t=0.75: 20-0 (120s)
[18/120] orig t=0.25 vs orig t=1.00: 19-1 (127s)
[19/120] orig t=0.25 vs orig t=1.25: 20-0 (133s)
[20/120] orig t=0.25 vs orig t=1.50: 19-1 (140s)
[21/120] orig t=0.25 vs orig t=2.00: 20-0 (147s)
[22/120] orig t=0.25 vs dist t=0.00: 15-5 (155s)
[23/120] orig t=0.25 vs dist t=0.25: 17-3 (164s)
[24/120] orig t=0.25 vs dist t=0.50: 19-1 (172s)
[25/120] orig t=0.25 vs dist t=0.75: 20-0 (179s)
[26/120] orig t=0.25 vs dist t=1.00: 20-0 (187s)
[27/120] orig t=0.25 vs dist t=1.25: 20-0 (196s)
[28/120] orig t=0.25 vs dist t=1.50: 20-0 (205s)
[29/120] orig t=0.25 vs dist t=2.00: 20-0 (215s)
[30/120] orig t=0.50 vs orig t=0.75: 12-8 (221s)
[31/120] orig t=0.50 vs orig t=1.00: 19-1 (228s)
[32/120] orig t=0.50 vs orig t=1.25: 20-0 (235s)
[33/120] orig t=0.50 vs orig t=1.50: 20-0 (242s)
[34/120] orig t=0.50 vs orig t=2.00: 20-0 (250s)
[35/120] orig t=0.50 vs dist t=0.00: 11-9 (258s)
[36/120] orig t=0.50 vs dist t=0.25: 16-4 (266s)
[37/120] orig t=0.50 vs dist t=0.50: 19-1 (275s)
[38/120] orig t=0.50 vs dist t=0.75: 18-2 (283s)
[39/120] orig t=0.50 vs dist t=1.00: 20-0 (291s)
[40/120] orig t=0.50 vs dist t=1.25: 20-0 (300s)
[41/120] orig t=0.50 vs dist t=1.50: 20-0 (310s)
[42/120] orig t=0.50 vs dist t=2.00: 20-0 (320s)
[43/120] orig t=0.75 vs orig t=1.00: 11-9 (327s)
[44/120] orig t=0.75 vs orig t=1.25: 18-2 (335s)
[45/120] orig t=0.75 vs orig t=1.50: 19-1 (343s)
[46/120] orig t=0.75 vs orig t=2.00: 19-1 (351s)
[47/120] orig t=0.75 vs dist t=0.00: 7-13 (360s)
[48/120] orig t=0.75 vs dist t=0.25: 5-15 (369s)
[49/120] orig t=0.75 vs dist t=0.50: 13-7 (380s)
[50/120] orig t=0.75 vs dist t=0.75: 16-4 (390s)
[51/120] orig t=0.75 vs dist t=1.00: 20-0 (400s)
[52/120] orig t=0.75 vs dist t=1.25: 20-0 (410s)
[53/120] orig t=0.75 vs dist t=1.50: 19-1 (419s)
[54/120] orig t=0.75 vs dist t=2.00: 20-0 (430s)
[55/120] orig t=1.00 vs orig t=1.25: 15-5 (438s)
[56/120] orig t=1.00 vs orig t=1.50: 19-1 (445s)
[57/120] orig t=1.00 vs orig t=2.00: 20-0 (453s)
[58/120] orig t=1.00 vs dist t=0.00: 2-18 (460s)
[59/120] orig t=1.00 vs dist t=0.25: 4-16 (469s)
[60/120] orig t=1.00 vs dist t=0.50: 5-15 (478s)
[61/120] orig t=1.00 vs dist t=0.75: 13-7 (487s)
[62/120] orig t=1.00 vs dist t=1.00: 17-3 (497s)
[63/120] orig t=1.00 vs dist t=1.25: 18-2 (507s)
[64/120] orig t=1.00 vs dist t=1.50: 19-1 (517s)
[65/120] orig t=1.00 vs dist t=2.00: 18-2 (528s)
[66/120] orig t=1.25 vs orig t=1.50: 16-4 (536s)
[67/120] orig t=1.25 vs orig t=2.00: 19-1 (544s)
[68/120] orig t=1.25 vs dist t=0.00: 2-18 (553s)
[69/120] orig t=1.25 vs dist t=0.25: 1-19 (561s)
[70/120] orig t=1.25 vs dist t=0.50: 3-17 (570s)
[71/120] orig t=1.25 vs dist t=0.75: 9-11 (580s)
[72/120] orig t=1.25 vs dist t=1.00: 14-6 (591s)
[73/120] orig t=1.25 vs dist t=1.25: 16-4 (601s)
[74/120] orig t=1.25 vs dist t=1.50: 20-0 (612s)
[75/120] orig t=1.25 vs dist t=2.00: 20-0 (624s)
[76/120] orig t=1.50 vs orig t=2.00: 16-4 (632s)
[77/120] orig t=1.50 vs dist t=0.00: 0-20 (643s)
[78/120] orig t=1.50 vs dist t=0.25: 0-20 (653s)
[79/120] orig t=1.50 vs dist t=0.50: 2-18 (663s)
[80/120] orig t=1.50 vs dist t=0.75: 6-14 (674s)
[81/120] orig t=1.50 vs dist t=1.00: 11-9 (686s)
[82/120] orig t=1.50 vs dist t=1.25: 14-6 (699s)
[83/120] orig t=1.50 vs dist t=1.50: 15-5 (711s)
[84/120] orig t=1.50 vs dist t=2.00: 17-3 (722s)
[85/120] orig t=2.00 vs dist t=0.00: 0-20 (733s)
[86/120] orig t=2.00 vs dist t=0.25: 1-19 (743s)
[87/120] orig t=2.00 vs dist t=0.50: 0-20 (754s)
[88/120] orig t=2.00 vs dist t=0.75: 1-19 (765s)
[89/120] orig t=2.00 vs dist t=1.00: 3-17 (776s)
[90/120] orig t=2.00 vs dist t=1.25: 10-10 (789s)
[91/120] orig t=2.00 vs dist t=1.50: 11-9 (803s)
[92/120] orig t=2.00 vs dist t=2.00: 13-7 (814s)
[93/120] dist t=0.00 vs dist t=0.25: 17-3 (825s)
[94/120] dist t=0.00 vs dist t=0.50: 18-2 (834s)
[95/120] dist t=0.00 vs dist t=0.75: 20-0 (844s)
[96/120] dist t=0.00 vs dist t=1.00: 20-0 (855s)
[97/120] dist t=0.00 vs dist t=1.25: 20-0 (865s)
[98/120] dist t=0.00 vs dist t=1.50: 20-0 (877s)
[99/120] dist t=0.00 vs dist t=2.00: 20-0 (890s)
[100/120] dist t=0.25 vs dist t=0.50: 14-6 (900s)
[101/120] dist t=0.25 vs dist t=0.75: 20-0 (912s)
[102/120] dist t=0.25 vs dist t=1.00: 20-0 (922s)
[103/120] dist t=0.25 vs dist t=1.25: 20-0 (935s)
[104/120] dist t=0.25 vs dist t=1.50: 20-0 (947s)
[105/120] dist t=0.25 vs dist t=2.00: 20-0 (958s)
[106/120] dist t=0.50 vs dist t=0.75: 17-3 (968s)
[107/120] dist t=0.50 vs dist t=1.00: 17-3 (978s)
[108/120] dist t=0.50 vs dist t=1.25: 20-0 (990s)
[109/120] dist t=0.50 vs dist t=1.50: 18-2 (1001s)
[110/120] dist t=0.50 vs dist t=2.00: 20-0 (1013s)
[111/120] dist t=0.75 vs dist t=1.00: 14-6 (1026s)
[112/120] dist t=0.75 vs dist t=1.25: 19-1 (1038s)
[113/120] dist t=0.75 vs dist t=1.50: 20-0 (1051s)
[114/120] dist t=0.75 vs dist t=2.00: 20-0 (1064s)
[115/120] dist t=1.00 vs dist t=1.25: 14-6 (1077s)
[116/120] dist t=1.00 vs dist t=1.50: 18-2 (1091s)
[117/120] dist t=1.00 vs dist t=2.00: 19-1 (1105s)
[118/120] dist t=1.25 vs dist t=1.50: 16-4 (1118s)
[119/120] dist t=1.25 vs dist t=2.00: 19-1 (1133s)
[120/120] dist t=1.50 vs dist t=2.00: 12-8 (1151s)

kind  temp   Elo (anchor: orig t=1.0 -> 1500)
orig   0.00   2234.3
orig   0.25   2098.5
dist   0.00   1866.5
orig   0.50   1861.1
dist   0.25   1734.0
orig   0.75   1650.1
dist   0.50   1578.5
orig   1.00   1500.0
dist   0.75   1379.8
orig   1.25   1354.1
dist   1.00   1215.2
orig   1.50   1184.1
dist   1.25   1072.9
orig   2.00    976.6
dist   1.50    926.2
dist   2.00    836.9
wrote armF/results/elo_temp_distilled.json
