extra: 152534 new unique positions merged
positions: 228744 train 224648 val 4096
PCA basis built
resumed weights from checkpoints/armF_fingerE/bottleneck_anchored.pt

=== anchored (302.2M params) ===
  init: kl 0.2274 top1 0.656 R2 mean 0.6960
  step 500/12000 kl 0.4590 act 0.4568 val_kl 0.4098 (33s)
  step 1000/12000 kl 0.3981 act 0.4538 val_kl 0.4031 (67s)
  step 1500/12000 kl 0.3832 act 0.4474 val_kl 0.3838 (100s)
  step 2000/12000 kl 0.3307 act 0.4472 val_kl 0.3907 (134s)
  step 2500/12000 kl 0.3411 act 0.4339 val_kl 0.3786 (167s)
  step 3000/12000 kl 0.3488 act 0.4403 val_kl 0.3471 (201s)
  step 3500/12000 kl 0.2873 act 0.4181 val_kl 0.3619 (234s)
  step 4000/12000 kl 0.2659 act 0.4164 val_kl 0.3461 (267s)
  step 4500/12000 kl 0.2546 act 0.3950 val_kl 0.3259 (301s)
  step 5000/12000 kl 0.2245 act 0.3969 val_kl 0.2990 (334s)
  step 5500/12000 kl 0.2146 act 0.3809 val_kl 0.2927 (367s)
  step 6000/12000 kl 0.2004 act 0.3761 val_kl 0.2821 (401s)
  step 6500/12000 kl 0.1663 act 0.3682 val_kl 0.2647 (434s)
  step 7000/12000 kl 0.1865 act 0.3480 val_kl 0.2506 (467s)
  step 7500/12000 kl 0.1419 act 0.3370 val_kl 0.2317 (501s)
  step 8000/12000 kl 0.1285 act 0.3383 val_kl 0.2117 (534s)
  step 8500/12000 kl 0.1075 act 0.3343 val_kl 0.2052 (567s)
  step 9000/12000 kl 0.1026 act 0.3253 val_kl 0.2024 (601s)
  step 9500/12000 kl 0.0894 act 0.3205 val_kl 0.1951 (634s)
  step 10000/12000 kl 0.0812 act 0.3169 val_kl 0.1874 (668s)
  step 10500/12000 kl 0.0766 act 0.3242 val_kl 0.1832 (701s)
  step 11000/12000 kl 0.0645 act 0.3196 val_kl 0.1796 (735s)
  step 11500/12000 kl 0.0733 act 0.3185 val_kl 0.1783 (768s)
  step 12000/12000 kl 0.0758 act 0.3196 val_kl 0.1782 (801s)
anchored: kl 0.1925 top1 0.698 top3 0.900 sp 0.908 | R2 mean 0.7033 | vs random 20 | vs CNN 20/60 | illegal 0

wrote armF/results/fingerE_bottleneck_ext.json
