N 76210 train 75210 val 1000
[transformers] `torch_dtype` is deprecated! Use `dtype` instead!
warm-start probe: armF/results/probe_frozen_randinit.pt
wandb: [wandb.login()] Loaded credentials for https://api.wandb.ai from WANDB_API_KEY.
wandb: Currently logged in as: joshuadavid to https://api.wandb.ai. Use `wandb login --relogin` to force relogin
wandb: setting up run wpg3gg9a
wandb: Tracking run with wandb version 0.28.1
wandb: Run data is saved locally in /workspace/hex-rl-cot-deconfusion/wandb/run-20260812_050339-wpg3gg9a
wandb: Run `wandb offline` to turn off syncing.
wandb: Syncing run armF_containment_randinit
wandb: ⭐️ View project at https://wandb.ai/joshuadavid/hex-rl-cot-deconfusion
wandb: 🚀 View run at https://wandb.ai/joshuadavid/hex-rl-cot-deconfusion/runs/wpg3gg9a
step 0 val R2 (should ~match frozen probe): [0.441, 0.404, 0.346, 0.303, 0.275, 0.251, 0.244, 0.229, 0.221, 0.216, 0.221, 0.23, 0.257, 0.271, 0.29, 0.297, 0.325, 0.335, 0.353]
step 25 loss 0.9558 gn 140.08 (0.62s/step)
step 50 loss 1.0494 gn 100.36 (0.62s/step)
step 75 loss 1.4137 gn 99.79 (0.62s/step)
step 100 loss 1.9479 gn 178.29 (0.62s/step)
step 125 loss 1.5356 gn 90.10 (0.62s/step)
step 150 loss 1.7007 gn 89.48 (0.62s/step)
step 175 loss 1.3062 gn 73.95 (0.62s/step)
step 200 loss 1.1839 gn 48.61 (0.62s/step)
step 225 loss 1.1908 gn 65.69 (0.62s/step)
step 250 loss 1.1499 gn 54.73 (0.62s/step)
step 250 val R2 mean -0.1068 z0 -0.082 z9 -0.241 z18 -0.092
step 275 loss 0.9418 gn 33.33 (0.66s/step)
step 300 loss 0.9428 gn 28.30 (0.66s/step)
step 325 loss 0.9334 gn 31.87 (0.66s/step)
step 350 loss 0.9045 gn 25.18 (0.65s/step)
step 375 loss 0.8917 gn 23.51 (0.65s/step)
step 400 loss 0.8686 gn 25.82 (0.65s/step)
step 425 loss 0.8505 gn 24.31 (0.65s/step)
step 450 loss 0.8692 gn 21.74 (0.65s/step)
step 475 loss 0.8849 gn 20.52 (0.64s/step)
step 500 loss 0.7870 gn 20.56 (0.64s/step)
step 500 val R2 mean 0.2057 z0 0.267 z9 0.123 z18 0.231
step 525 loss 0.9374 gn 42.00 (0.67s/step)
step 550 loss 0.9064 gn 36.13 (0.66s/step)
step 575 loss 0.8652 gn 30.18 (0.66s/step)
step 600 loss 0.8780 gn 23.98 (0.66s/step)
step 625 loss 0.8175 gn 26.24 (0.66s/step)
step 650 loss 0.7706 gn 18.52 (0.66s/step)
step 675 loss 0.7754 gn 24.21 (0.65s/step)
step 700 loss 0.8210 gn 15.96 (0.65s/step)
step 725 loss 0.7609 gn 18.67 (0.65s/step)
step 750 loss 0.7523 gn 14.10 (0.65s/step)
step 750 val R2 mean 0.2894 z0 0.397 z9 0.242 z18 0.337
step 775 loss 0.6898 gn 17.42 (0.67s/step)
step 800 loss 0.7098 gn 14.63 (0.67s/step)
step 825 loss 0.6914 gn 13.91 (0.66s/step)
step 850 loss 0.6855 gn 13.01 (0.66s/step)
step 875 loss 0.6230 gn 12.26 (0.66s/step)
step 900 loss 0.6887 gn 13.94 (0.66s/step)
step 925 loss 0.7591 gn 17.65 (0.66s/step)
step 950 loss 0.6058 gn 15.78 (0.66s/step)
step 975 loss 0.6966 gn 11.93 (0.66s/step)
step 1000 loss 0.7205 gn 15.44 (0.66s/step)
step 1000 val R2 mean 0.2698 z0 0.450 z9 0.185 z18 0.348
step 1025 loss 0.6874 gn 13.63 (0.67s/step)
step 1050 loss 0.7021 gn 10.69 (0.67s/step)
step 1075 loss 0.6238 gn 10.24 (0.66s/step)
step 1100 loss 0.6653 gn 9.66 (0.66s/step)
step 1125 loss 0.6510 gn 12.90 (0.66s/step)
step 1150 loss 0.5930 gn 11.00 (0.66s/step)
step 1175 loss 0.6618 gn 16.07 (0.66s/step)
step 1200 loss 0.6237 gn 12.96 (0.66s/step)
step 1225 loss 0.6117 gn 10.04 (0.66s/step)
step 1250 loss 0.6549 gn 7.80 (0.66s/step)
step 1250 val R2 mean 0.3726 z0 0.533 z9 0.309 z18 0.411
step 1275 loss 0.6098 gn 10.27 (0.67s/step)
step 1300 loss 0.6293 gn 10.09 (0.67s/step)
step 1325 loss 0.6269 gn 12.65 (0.67s/step)
step 1350 loss 0.6480 gn 9.03 (0.67s/step)
step 1375 loss 0.5691 gn 6.82 (0.67s/step)
step 1400 loss 0.5993 gn 8.06 (0.66s/step)
step 1425 loss 0.6744 gn 7.84 (0.66s/step)
step 1450 loss 0.5710 gn 11.12 (0.66s/step)
step 1475 loss 0.5929 gn 7.92 (0.66s/step)
step 1500 loss 0.6250 gn 7.21 (0.66s/step)
step 1500 val R2 mean 0.4024 z0 0.491 z9 0.326 z18 0.433
step 1525 loss 0.6290 gn 8.52 (0.67s/step)
step 1550 loss 0.6178 gn 10.64 (0.67s/step)
step 1575 loss 0.6103 gn 7.71 (0.67s/step)
step 1600 loss 0.5467 gn 7.13 (0.67s/step)
step 1625 loss 0.4927 gn 8.97 (0.67s/step)
step 1650 loss 0.5675 gn 6.05 (0.67s/step)
step 1675 loss 0.5740 gn 6.99 (0.67s/step)
step 1700 loss 0.5664 gn 6.77 (0.66s/step)
step 1725 loss 0.6256 gn 7.14 (0.66s/step)
step 1750 loss 0.5213 gn 7.64 (0.66s/step)
step 1750 val R2 mean 0.4209 z0 0.539 z9 0.347 z18 0.437
step 1775 loss 0.6693 gn 7.38 (0.67s/step)
step 1800 loss 0.5660 gn 6.26 (0.67s/step)
step 1825 loss 0.5357 gn 9.82 (0.67s/step)
step 1850 loss 0.6182 gn 7.87 (0.67s/step)
step 1875 loss 0.5690 gn 5.96 (0.67s/step)
step 1900 loss 0.5183 gn 7.04 (0.67s/step)
step 1925 loss 0.5675 gn 6.91 (0.67s/step)
step 1950 loss 0.5032 gn 6.03 (0.67s/step)
step 1975 loss 0.5276 gn 6.63 (0.67s/step)
step 2000 loss 0.5030 gn 7.37 (0.67s/step)
step 2000 val R2 mean 0.4745 z0 0.661 z9 0.393 z18 0.483
step 2025 loss 0.5305 gn 6.51 (0.67s/step)
step 2050 loss 0.4778 gn 5.85 (0.67s/step)
step 2075 loss 0.5576 gn 6.07 (0.67s/step)
step 2100 loss 0.5476 gn 8.05 (0.67s/step)
step 2125 loss 0.5539 gn 4.49 (0.67s/step)
step 2150 loss 0.5086 gn 8.33 (0.67s/step)
step 2175 loss 0.4908 gn 4.68 (0.67s/step)
step 2200 loss 0.4863 gn 6.18 (0.67s/step)
step 2225 loss 0.5180 gn 9.08 (0.67s/step)
step 2250 loss 0.5504 gn 5.44 (0.67s/step)
step 2250 val R2 mean 0.4997 z0 0.737 z9 0.418 z18 0.486
step 2275 loss 0.4486 gn 4.93 (0.67s/step)
step 2300 loss 0.5343 gn 4.21 (0.67s/step)
step 2325 loss 0.5277 gn 6.34 (0.67s/step)
step 2350 loss 0.4942 gn 4.60 (0.67s/step)
step 2375 loss 0.4857 gn 5.20 (0.67s/step)
step 2400 loss 0.4823 gn 4.48 (0.67s/step)
step 2425 loss 0.5333 gn 5.34 (0.67s/step)
step 2450 loss 0.5170 gn 5.84 (0.67s/step)
step 2475 loss 0.4743 gn 4.55 (0.67s/step)
step 2500 loss 0.4820 gn 4.56 (0.67s/step)
step 2500 val R2 mean 0.5171 z0 0.780 z9 0.444 z18 0.503
step 2525 loss 0.4844 gn 4.71 (0.67s/step)
step 2550 loss 0.4985 gn 6.79 (0.67s/step)
step 2575 loss 0.4326 gn 6.14 (0.67s/step)
step 2600 loss 0.4995 gn 4.64 (0.67s/step)
step 2625 loss 0.4227 gn 5.49 (0.67s/step)
step 2650 loss 0.4506 gn 5.35 (0.67s/step)
step 2675 loss 0.4341 gn 4.74 (0.67s/step)
step 2700 loss 0.4558 gn 4.20 (0.67s/step)
step 2725 loss 0.4593 gn 5.91 (0.67s/step)
step 2750 loss 0.4065 gn 4.68 (0.67s/step)
step 2750 val R2 mean 0.5470 z0 0.798 z9 0.471 z18 0.532
step 2775 loss 0.4459 gn 4.90 (0.67s/step)
step 2800 loss 0.4498 gn 3.99 (0.67s/step)
step 2825 loss 0.4049 gn 7.96 (0.67s/step)
step 2850 loss 0.4359 gn 6.58 (0.67s/step)
step 2875 loss 0.4957 gn 7.72 (0.67s/step)
step 2900 loss 0.4937 gn 7.39 (0.67s/step)
step 2925 loss 0.4275 gn 4.21 (0.67s/step)
step 2950 loss 0.4257 gn 4.29 (0.67s/step)
step 2975 loss 0.4378 gn 4.34 (0.67s/step)
step 3000 loss 0.4030 gn 5.07 (0.67s/step)
step 3000 val R2 mean 0.5630 z0 0.826 z9 0.482 z18 0.541
step 3025 loss 0.4350 gn 4.43 (0.68s/step)
step 3050 loss 0.4325 gn 5.06 (0.68s/step)
step 3075 loss 0.4548 gn 5.54 (0.67s/step)
step 3100 loss 0.4361 gn 3.99 (0.67s/step)
step 3125 loss 0.4233 gn 3.76 (0.67s/step)
step 3150 loss 0.4265 gn 3.44 (0.67s/step)
step 3175 loss 0.4395 gn 4.49 (0.67s/step)
step 3200 loss 0.4247 gn 3.54 (0.67s/step)
step 3225 loss 0.4300 gn 4.04 (0.67s/step)
step 3250 loss 0.4344 gn 3.68 (0.67s/step)
step 3250 val R2 mean 0.5855 z0 0.853 z9 0.509 z18 0.568
step 3275 loss 0.4432 gn 4.19 (0.68s/step)
step 3300 loss 0.4156 gn 3.74 (0.67s/step)
step 3325 loss 0.4448 gn 4.67 (0.67s/step)
step 3350 loss 0.4367 gn 3.60 (0.67s/step)
step 3375 loss 0.4487 gn 4.36 (0.67s/step)
step 3400 loss 0.3879 gn 4.37 (0.67s/step)
step 3425 loss 0.4152 gn 3.97 (0.67s/step)
step 3450 loss 0.4305 gn 4.93 (0.67s/step)
step 3475 loss 0.3826 gn 3.10 (0.67s/step)
step 3500 loss 0.4337 gn 3.41 (0.67s/step)
step 3500 val R2 mean 0.5946 z0 0.870 z9 0.516 z18 0.563
step 3525 loss 0.3694 gn 3.10 (0.68s/step)
step 3550 loss 0.4163 gn 3.86 (0.68s/step)
step 3575 loss 0.3817 gn 3.37 (0.67s/step)
step 3600 loss 0.3553 gn 3.74 (0.67s/step)
step 3625 loss 0.3944 gn 3.78 (0.67s/step)
step 3650 loss 0.4000 gn 3.83 (0.67s/step)
step 3675 loss 0.4104 gn 3.29 (0.67s/step)
step 3700 loss 0.3690 gn 4.14 (0.67s/step)
step 3725 loss 0.4010 gn 3.89 (0.67s/step)
step 3750 loss 0.4361 gn 3.55 (0.67s/step)
step 3750 val R2 mean 0.6147 z0 0.867 z9 0.533 z18 0.591
step 3775 loss 0.4114 gn 3.90 (0.68s/step)
step 3800 loss 0.3472 gn 3.41 (0.67s/step)
step 3825 loss 0.3701 gn 3.70 (0.67s/step)
step 3850 loss 0.4451 gn 4.02 (0.67s/step)
step 3875 loss 0.4162 gn 3.94 (0.67s/step)
step 3900 loss 0.4089 gn 3.46 (0.67s/step)
step 3925 loss 0.3521 gn 4.09 (0.67s/step)
step 3950 loss 0.3909 gn 3.36 (0.67s/step)
step 3975 loss 0.4406 gn 3.15 (0.67s/step)
step 4000 loss 0.3996 gn 3.82 (0.67s/step)
step 4000 val R2 mean 0.6253 z0 0.892 z9 0.546 z18 0.598
step 4025 loss 0.3799 gn 3.07 (0.68s/step)
step 4050 loss 0.3446 gn 3.97 (0.68s/step)
step 4075 loss 0.4016 gn 3.50 (0.68s/step)
step 4100 loss 0.3652 gn 3.25 (0.68s/step)
step 4125 loss 0.3878 gn 4.07 (0.67s/step)
step 4150 loss 0.3343 gn 3.83 (0.67s/step)
step 4175 loss 0.3881 gn 3.31 (0.67s/step)
step 4200 loss 0.4106 gn 3.06 (0.67s/step)
step 4225 loss 0.3442 gn 3.16 (0.67s/step)
step 4250 loss 0.3632 gn 3.46 (0.67s/step)
step 4250 val R2 mean 0.6359 z0 0.898 z9 0.561 z18 0.602
step 4275 loss 0.3619 gn 3.05 (0.68s/step)
step 4300 loss 0.3400 gn 2.85 (0.68s/step)
step 4325 loss 0.3598 gn 3.14 (0.68s/step)
step 4350 loss 0.3585 gn 2.72 (0.67s/step)
step 4375 loss 0.3964 gn 3.12 (0.67s/step)
step 4400 loss 0.3522 gn 3.56 (0.67s/step)
step 4425 loss 0.3614 gn 3.36 (0.67s/step)
step 4450 loss 0.3192 gn 3.56 (0.67s/step)
step 4475 loss 0.3717 gn 2.87 (0.67s/step)
step 4500 loss 0.3878 gn 3.03 (0.67s/step)
step 4500 val R2 mean 0.6432 z0 0.900 z9 0.559 z18 0.623
step 4525 loss 0.3138 gn 3.36 (0.68s/step)
step 4550 loss 0.3428 gn 2.93 (0.68s/step)
step 4575 loss 0.4054 gn 2.58 (0.67s/step)
step 4600 loss 0.3701 gn 3.25 (0.67s/step)
step 4625 loss 0.3258 gn 3.61 (0.67s/step)
step 4650 loss 0.3411 gn 2.66 (0.67s/step)
step 4675 loss 0.2991 gn 3.23 (0.67s/step)
step 4700 loss 0.3778 gn 3.57 (0.67s/step)
step 4725 loss 0.3211 gn 2.57 (0.67s/step)
step 4750 loss 0.3532 gn 2.89 (0.67s/step)
step 4750 val R2 mean 0.6564 z0 0.902 z9 0.579 z18 0.631
step 4775 loss 0.3823 gn 2.87 (0.68s/step)
step 4800 loss 0.3357 gn 2.93 (0.67s/step)
step 4825 loss 0.3819 gn 3.10 (0.67s/step)
step 4850 loss 0.3325 gn 3.61 (0.67s/step)
step 4875 loss 0.3361 gn 2.58 (0.67s/step)
step 4900 loss 0.3783 gn 3.88 (0.67s/step)
step 4925 loss 0.3286 gn 2.33 (0.67s/step)
step 4950 loss 0.3516 gn 4.34 (0.67s/step)
step 4975 loss 0.3610 gn 3.16 (0.67s/step)
step 5000 loss 0.3425 gn 2.55 (0.67s/step)
step 5000 val R2 mean 0.6648 z0 0.914 z9 0.589 z18 0.639
step 5025 loss 0.3449 gn 2.99 (0.68s/step)
step 5050 loss 0.3332 gn 3.19 (0.68s/step)
step 5075 loss 0.3088 gn 2.93 (0.68s/step)
step 5100 loss 0.3254 gn 2.57 (0.67s/step)
step 5125 loss 0.3319 gn 2.88 (0.67s/step)
step 5150 loss 0.3489 gn 2.70 (0.67s/step)
step 5175 loss 0.3556 gn 2.04 (0.67s/step)
step 5200 loss 0.3386 gn 3.49 (0.67s/step)
step 5225 loss 0.3089 gn 2.73 (0.67s/step)
step 5250 loss 0.3284 gn 3.19 (0.67s/step)
step 5250 val R2 mean 0.6716 z0 0.920 z9 0.594 z18 0.647
step 5275 loss 0.3436 gn 2.66 (0.68s/step)
step 5300 loss 0.3515 gn 2.57 (0.68s/step)
step 5325 loss 0.3081 gn 3.02 (0.67s/step)
step 5350 loss 0.3564 gn 2.91 (0.67s/step)
step 5375 loss 0.3076 gn 2.21 (0.67s/step)
step 5400 loss 0.2947 gn 2.76 (0.67s/step)
step 5425 loss 0.3346 gn 2.26 (0.67s/step)
step 5450 loss 0.3279 gn 2.09 (0.67s/step)
step 5475 loss 0.3323 gn 2.34 (0.67s/step)
step 5500 loss 0.3176 gn 2.61 (0.67s/step)
step 5500 val R2 mean 0.6762 z0 0.926 z9 0.601 z18 0.646
step 5525 loss 0.2944 gn 2.55 (0.67s/step)
step 5550 loss 0.3005 gn 2.14 (0.67s/step)
step 5575 loss 0.3304 gn 2.24 (0.67s/step)
step 5600 loss 0.2859 gn 2.88 (0.67s/step)
step 5625 loss 0.3178 gn 2.17 (0.67s/step)
step 5650 loss 0.3023 gn 2.66 (0.67s/step)
step 5675 loss 0.3041 gn 2.29 (0.67s/step)
step 5700 loss 0.3467 gn 2.26 (0.67s/step)
step 5725 loss 0.3547 gn 4.26 (0.67s/step)
step 5750 loss 0.3428 gn 2.82 (0.67s/step)
step 5750 val R2 mean 0.6830 z0 0.926 z9 0.606 z18 0.660
step 5775 loss 0.3067 gn 2.20 (0.67s/step)
step 5800 loss 0.3538 gn 2.77 (0.67s/step)
step 5825 loss 0.3330 gn 3.37 (0.67s/step)
step 5850 loss 0.2922 gn 2.80 (0.67s/step)
step 5875 loss 0.3021 gn 2.43 (0.67s/step)
step 5900 loss 0.3332 gn 2.30 (0.67s/step)
step 5925 loss 0.3446 gn 2.73 (0.67s/step)
step 5950 loss 0.3101 gn 2.29 (0.67s/step)
step 5975 loss 0.3086 gn 2.35 (0.67s/step)
step 6000 loss 0.3315 gn 2.54 (0.67s/step)
step 6000 val R2 mean 0.6905 z0 0.932 z9 0.614 z18 0.668
step 6025 loss 0.3087 gn 2.13 (0.68s/step)
step 6050 loss 0.3276 gn 2.00 (0.67s/step)
step 6075 loss 0.3019 gn 1.92 (0.67s/step)
step 6100 loss 0.3294 gn 2.17 (0.67s/step)
step 6125 loss 0.3335 gn 2.16 (0.67s/step)
step 6150 loss 0.2898 gn 1.69 (0.67s/step)
step 6175 loss 0.3412 gn 2.77 (0.67s/step)
step 6200 loss 0.2985 gn 2.08 (0.67s/step)
step 6225 loss 0.2961 gn 2.03 (0.67s/step)
step 6250 loss 0.3067 gn 2.44 (0.67s/step)
step 6250 val R2 mean 0.6927 z0 0.933 z9 0.618 z18 0.665
step 6275 loss 0.3351 gn 2.28 (0.67s/step)
step 6300 loss 0.3010 gn 2.40 (0.67s/step)
step 6325 loss 0.2757 gn 2.01 (0.67s/step)
step 6350 loss 0.2940 gn 2.20 (0.67s/step)
step 6375 loss 0.3362 gn 2.42 (0.67s/step)
step 6400 loss 0.3131 gn 2.03 (0.67s/step)
step 6425 loss 0.3270 gn 2.15 (0.67s/step)
step 6450 loss 0.3448 gn 2.90 (0.67s/step)
step 6475 loss 0.3014 gn 1.79 (0.67s/step)
step 6500 loss 0.3004 gn 3.57 (0.67s/step)
step 6500 val R2 mean 0.6955 z0 0.936 z9 0.621 z18 0.671
step 6525 loss 0.2978 gn 2.33 (0.67s/step)
step 6550 loss 0.2801 gn 1.57 (0.67s/step)
step 6575 loss 0.2937 gn 2.45 (0.67s/step)
step 6600 loss 0.3047 gn 2.39 (0.67s/step)
step 6625 loss 0.3374 gn 2.10 (0.67s/step)
step 6650 loss 0.2934 gn 1.50 (0.67s/step)
step 6675 loss 0.2620 gn 1.77 (0.67s/step)
step 6700 loss 0.2790 gn 1.79 (0.67s/step)
step 6725 loss 0.2916 gn 1.66 (0.67s/step)
step 6750 loss 0.3128 gn 2.08 (0.67s/step)
step 6750 val R2 mean 0.6984 z0 0.940 z9 0.623 z18 0.674
step 6775 loss 0.3164 gn 2.29 (0.67s/step)
step 6800 loss 0.2967 gn 1.94 (0.67s/step)
step 6825 loss 0.3150 gn 1.84 (0.67s/step)
step 6850 loss 0.3040 gn 1.66 (0.67s/step)
step 6875 loss 0.2932 gn 1.76 (0.67s/step)
step 6900 loss 0.3193 gn 2.37 (0.67s/step)
step 6925 loss 0.2834 gn 1.72 (0.67s/step)
step 6950 loss 0.2983 gn 1.93 (0.67s/step)
step 6975 loss 0.3373 gn 3.26 (0.67s/step)
step 7000 loss 0.2926 gn 1.79 (0.67s/step)
step 7000 val R2 mean 0.7059 z0 0.942 z9 0.630 z18 0.684
step 7025 loss 0.2962 gn 1.83 (0.68s/step)
step 7050 loss 0.3421 gn 2.14 (0.68s/step)
step 7075 loss 0.3109 gn 1.56 (0.68s/step)
step 7100 loss 0.2649 gn 2.38 (0.67s/step)
step 7125 loss 0.2930 gn 1.99 (0.67s/step)
step 7150 loss 0.2868 gn 1.75 (0.67s/step)
step 7175 loss 0.2988 gn 1.87 (0.67s/step)
step 7200 loss 0.2623 gn 2.32 (0.67s/step)
step 7225 loss 0.2823 gn 1.51 (0.67s/step)
step 7250 loss 0.2932 gn 1.64 (0.67s/step)
step 7250 val R2 mean 0.7077 z0 0.944 z9 0.632 z18 0.684
step 7275 loss 0.3209 gn 2.41 (0.68s/step)
step 7300 loss 0.2967 gn 1.47 (0.68s/step)
step 7325 loss 0.2612 gn 2.04 (0.68s/step)
step 7350 loss 0.2827 gn 1.93 (0.68s/step)
step 7375 loss 0.2771 gn 1.65 (0.67s/step)
step 7400 loss 0.3050 gn 1.70 (0.67s/step)
step 7425 loss 0.2864 gn 1.71 (0.67s/step)
step 7450 loss 0.2809 gn 1.98 (0.67s/step)
step 7475 loss 0.2891 gn 1.92 (0.67s/step)
step 7500 loss 0.2913 gn 2.29 (0.67s/step)
step 7500 val R2 mean 0.7107 z0 0.945 z9 0.635 z18 0.690
step 7525 loss 0.3023 gn 1.38 (0.68s/step)
step 7550 loss 0.3069 gn 1.87 (0.68s/step)
step 7575 loss 0.2645 gn 1.53 (0.68s/step)
step 7600 loss 0.2825 gn 1.77 (0.68s/step)
step 7625 loss 0.2492 gn 1.68 (0.67s/step)
step 7650 loss 0.2958 gn 1.37 (0.67s/step)
step 7675 loss 0.2976 gn 1.59 (0.67s/step)
step 7700 loss 0.2687 gn 1.37 (0.67s/step)
step 7725 loss 0.2547 gn 2.07 (0.67s/step)
step 7750 loss 0.2799 gn 1.47 (0.67s/step)
step 7750 val R2 mean 0.7129 z0 0.946 z9 0.637 z18 0.693
step 7775 loss 0.2873 gn 1.71 (0.68s/step)
step 7800 loss 0.2694 gn 1.22 (0.68s/step)
step 7825 loss 0.2859 gn 1.43 (0.68s/step)
step 7850 loss 0.2740 gn 1.42 (0.67s/step)
step 7875 loss 0.2859 gn 1.28 (0.67s/step)
step 7900 loss 0.2875 gn 1.75 (0.67s/step)
step 7925 loss 0.2744 gn 1.60 (0.67s/step)
step 7950 loss 0.3072 gn 1.62 (0.67s/step)
step 7975 loss 0.2916 gn 1.95 (0.67s/step)
step 8000 loss 0.2910 gn 1.50 (0.67s/step)
step 8000 val R2 mean 0.7146 z0 0.947 z9 0.639 z18 0.695
step 8025 loss 0.3169 gn 1.85 (0.68s/step)
step 8050 loss 0.2908 gn 1.57 (0.68s/step)
step 8075 loss 0.3091 gn 1.90 (0.68s/step)
step 8100 loss 0.2752 gn 1.62 (0.68s/step)
step 8125 loss 0.2744 gn 1.43 (0.68s/step)
step 8150 loss 0.2825 gn 1.19 (0.68s/step)
step 8175 loss 0.2606 gn 1.62 (0.68s/step)
step 8200 loss 0.2860 gn 1.94 (0.68s/step)
step 8225 loss 0.2493 gn 2.06 (0.67s/step)
step 8250 loss 0.2872 gn 1.60 (0.67s/step)
step 8250 val R2 mean 0.7156 z0 0.948 z9 0.640 z18 0.696
step 8275 loss 0.2572 gn 1.22 (0.68s/step)
step 8300 loss 0.2895 gn 1.36 (0.68s/step)
step 8325 loss 0.2911 gn 1.35 (0.68s/step)
step 8350 loss 0.2809 gn 1.53 (0.68s/step)
step 8375 loss 0.2599 gn 1.99 (0.68s/step)
step 8400 loss 0.2359 gn 0.96 (0.68s/step)
step 8425 loss 0.2867 gn 1.70 (0.68s/step)
step 8450 loss 0.2763 gn 1.45 (0.68s/step)
step 8475 loss 0.3055 gn 1.65 (0.68s/step)
step 8500 loss 0.2929 gn 1.27 (0.67s/step)
step 8500 val R2 mean 0.7163 z0 0.948 z9 0.641 z18 0.697
step 8525 loss 0.2768 gn 1.50 (0.68s/step)
step 8550 loss 0.2977 gn 1.78 (0.68s/step)
step 8575 loss 0.2889 gn 1.34 (0.68s/step)
step 8600 loss 0.2979 gn 1.40 (0.68s/step)
step 8625 loss 0.2925 gn 1.34 (0.68s/step)
step 8650 loss 0.2765 gn 1.59 (0.68s/step)
step 8675 loss 0.3172 gn 1.21 (0.68s/step)
step 8700 loss 0.2974 gn 1.57 (0.67s/step)
step 8725 loss 0.2917 gn 1.30 (0.67s/step)
step 8750 loss 0.2746 gn 1.76 (0.67s/step)
step 8750 val R2 mean 0.7168 z0 0.948 z9 0.641 z18 0.698
step 8775 loss 0.2943 gn 1.23 (0.68s/step)
step 8800 loss 0.3159 gn 1.53 (0.68s/step)
step 8825 loss 0.2906 gn 1.44 (0.68s/step)
step 8850 loss 0.2765 gn 1.21 (0.68s/step)
step 8875 loss 0.2756 gn 1.27 (0.68s/step)
step 8900 loss 0.2846 gn 1.44 (0.68s/step)
step 8925 loss 0.2952 gn 1.26 (0.68s/step)
step 8950 loss 0.2956 gn 1.29 (0.68s/step)
step 8975 loss 0.2907 gn 1.35 (0.69s/step)
step 9000 loss 0.2709 gn 1.03 (0.69s/step)
step 9000 val R2 mean 0.7169 z0 0.948 z9 0.641 z18 0.698
FINAL val R2: [0.9482, 0.9168, 0.8584, 0.8042, 0.7478, 0.7154, 0.6967, 0.676, 0.6578, 0.6413, 0.64, 0.6371, 0.6426, 0.6521, 0.6551, 0.6632, 0.6814, 0.6893, 0.6977]
wandb: updating run metadata
wandb: uploading output.log; uploading wandb-summary.json; uploading config.yaml
wandb: uploading history steps 360-360, summary, console lines 397-397
wandb: 
wandb: Run history:
wandb: train/grad_norm █▄▂▂▂▁▁▁▁▁▁▁▁▁▁▁▁▁▁▁▁▁▁▁▁▁▁▁▁▁▁▁▁▁▁▁▁▁▁▁
wandb:      train/loss █▅▄▄▃▃▃▃▃▃▃▃▃▂▂▃▂▂▂▂▂▂▂▂▂▁▂▁▂▁▁▁▁▁▁▁▁▁▁▁
wandb:        train/lr ▄████▇▇▇▇▇▆▆▆▆▆▆▆▅▅▅▅▅▅▅▄▄▄▃▃▃▂▂▂▂▂▂▁▁▁▁
wandb:    train/mse_z0 █▇█▇▆▄▄▃▃▃▂▃▂▂▂▂▁▂▁▁▁▁▁▁▁▁▁▁▁▁▁▁▁▁▁▁▁▁▁▁
wandb:   train/mse_z18 █▇▅▆▆▄▆▄▅▄▂▂▄▄▂▂▂▃▂▂▃▃▁▃▂▂▂▁▂▂▁▁▂▁▁▁▁▁▁▁
wandb:    train/mse_z9 █▇▅▄▅▄▄▄▄▄▃▃▃▃▃▃▂▂▂▂▂▂▂▂▂▂▂▂▂▂▁▂▁▁▁▁▂▁▁▂
wandb:     val/r2_mean ▄▁▄▄▄▅▅▅▆▆▆▇▇▇▇▇▇▇▇▇█████████████████
wandb:       val/r2_z0 ▅▁▃▄▅▅▅▅▆▇▇▇▇▇▇▇█████████████████████
wandb:       val/r2_z1 ▄▁▄▄▃▅▆▅▆▆▇▇▇▇▇▇▇▇███████████████████
wandb:      val/r2_z10 ▅▁▄▅▅▅▆▆▆▆▆▇▇▇▇▇▇▇▇██████████████████
wandb:             +16 ...
wandb: 
wandb: Run summary:
wandb: train/grad_norm 1.02802
wandb:      train/loss 0.27092
wandb:        train/lr 0
wandb:    train/mse_z0 0.05523
wandb:   train/mse_z18 0.28147
wandb:    train/mse_z9 0.35033
wandb:     val/r2_mean 0.7169
wandb:       val/r2_z0 0.94822
wandb:       val/r2_z1 0.91676
wandb:      val/r2_z10 0.64001
wandb:             +16 ...
wandb: 
wandb: 🚀 View run armF_containment_randinit at: https://wandb.ai/joshuadavid/hex-rl-cot-deconfusion/runs/wpg3gg9a
wandb: ⭐️ View project at: https://wandb.ai/joshuadavid/hex-rl-cot-deconfusion
wandb: Synced 5 W&B file(s), 0 media file(s), 0 artifact file(s) and 0 other file(s)
wandb: Find logs at: ./wandb/run-20260812_050339-wpg3gg9a/logs
