pkill: pattern that searches for process name longer than 15 characters will result in zero matches
Try `pkill -f' option to match against the complete command line.
[uniform] r1 mean=0.204 worst=0.000 (witness) | chai:0.64 judg:0.28 occu:0.38 wins:0.01 chai:0.08 witn:0.00 mate:0.09 mate:0.17 edge:0.22 gen_:0.15 gene:0.22
pkill: pattern that searches for process name longer than 15 characters will result in zero matches
Try `pkill -f' option to match against the complete command line.
[uniform] r2 mean=0.262 worst=0.000 (winset) | chai:0.59 judg:0.39 occu:0.66 wins:0.00 chai:0.12 witn:0.05 mate:0.20 mate:0.22 edge:0.21 gen_:0.21 gene:0.23
pkill: pattern that searches for process name longer than 15 characters will result in zero matches
Try `pkill -f' option to match against the complete command line.
[uniform] r3 mean=0.304 worst=0.006 (winset) | chai:0.38 judg:0.50 occu:0.66 wins:0.01 chai:0.04 witn:0.13 mate:0.45 mate:0.32 edge:0.37 gen_:0.32 gene:0.19
pkill: pattern that searches for process name longer than 15 characters will result in zero matches
Try `pkill -f' option to match against the complete command line.
[uniform] r4 mean=0.432 worst=0.011 (winset) | chai:0.70 judg:0.64 occu:0.88 wins:0.01 chai:0.19 witn:0.13 mate:0.52 mate:0.35 edge:0.57 gen_:0.46 gene:0.28
pkill: pattern that searches for process name longer than 15 characters will result in zero matches
Try `pkill -f' option to match against the complete command line.
[uniform] r5 mean=0.447 worst=0.006 (winset) | chai:0.58 judg:0.57 occu:0.88 wins:0.01 chai:0.22 witn:0.19 mate:0.62 mate:0.42 edge:0.54 gen_:0.54 gene:0.34
pkill: pattern that searches for process name longer than 15 characters will result in zero matches
Try `pkill -f' option to match against the complete command line.
[uniform] r6 mean=0.523 worst=0.017 (winset) | chai:0.83 judg:0.70 occu:0.92 wins:0.02 chai:0.32 witn:0.25 mate:0.65 mate:0.51 edge:0.61 gen_:0.59 gene:0.36
pkill: pattern that searches for process name longer than 15 characters will result in zero matches
Try `pkill -f' option to match against the complete command line.
[uniform] r7 mean=0.527 worst=0.011 (winset) | chai:0.71 judg:0.72 occu:0.93 wins:0.01 chai:0.39 witn:0.29 mate:0.66 mate:0.51 edge:0.61 gen_:0.66 gene:0.29
pkill: pattern that searches for process name longer than 15 characters will result in zero matches
Try `pkill -f' option to match against the complete command line.
[uniform] r8 mean=0.556 worst=0.006 (winset) | chai:0.84 judg:0.66 occu:0.96 wins:0.01 chai:0.42 witn:0.33 mate:0.64 mate:0.56 edge:0.60 gen_:0.70 gene:0.41
[uniform] DONE
